// Jest Snapshot v1, https://goo.gl/fbAQLP

exports[`match the latest shapshot 1`] = `
Array [
  "Audio",
  "Img",
  "Preload",
  "Script",
  "Stylesheet",
  "Video",
  "useDeviceMotion",
  "useDeviceOrientation",
  "useGeoPosition",
  "useIntersectionObserver",
  "useMedia",
  "useNetworkStatus",
  "useWindowScrollPosition",
  "useWindowSize",
  "useAsync",
  "useAudio",
  "useBattery",
  "useCounter",
  "useCss",
  "useFavicon",
  "useGeolocation",
  "useHover",
  "useIdle",
  "useLifecycles",
  "useList",
  "useLocalStorage",
  "useLocation",
  "useLogger",
  "useMap",
  "useMediaDevices",
  "useMotion",
  "useMount",
  "useNetwork",
  "useObservable",
  "useOrientation",
  "useRaf",
  "useSetState",
  "useSize",
  "useSpeech",
  "useSpring",
  "useTimeout",
  "useTitle",
  "useToggle",
  "useTween",
  "useUnmount",
  "useWindowSize2",
  "useMedia2",
  "useOnClickOutside",
]
`;
